MO fsm1 NULL fsm1.v vlg5B/fsm1.bin 1351613538
MO fsm2 NULL fsm2.v vlg5C/fsm2.bin 1351613538
MO threebitadder NULL threebitadder.v vlg3F/threebitadder.bin 1349793402
MO BTN_memory NULL BTN_memory.v vlg54/_b_t_n__memory.bin 1351613538
MO threebitmultiplier NULL threebitmultiplier.v vlg22/threebitmultiplier.bin 1351869417
MO top NULL top.v vlg6F/top.bin 1351613538
MO LCD_driver NULL LCD_driver.v vlg66/_l_c_d__driver.bin 1351613538
MO add NULL add.v vlg51/add.bin 1351869417
