Release 13.2 - xst O.61xd (lin64)
Copyright (c) 1995-2011 Xilinx, Inc.  All rights reserved.
--> 
Parameter TMPDIR set to xst/projnav.tmp


Total REAL time to Xst completion: 0.00 secs
Total CPU time to Xst completion: 0.05 secs
 
--> 
Parameter xsthdpdir set to xst


Total REAL time to Xst completion: 0.00 secs
Total CPU time to Xst completion: 0.05 secs
 
--> 
Reading design: bigadder.prj

TABLE OF CONTENTS
  1) Synthesis Options Summary
  2) HDL Compilation
  3) Design Hierarchy Analysis
  4) HDL Analysis
  5) HDL Synthesis
     5.1) HDL Synthesis Report
  6) Advanced HDL Synthesis
     6.1) Advanced HDL Synthesis Report
  7) Low Level Synthesis
  8) Partition Report
  9) Final Report
	9.1) Device utilization summary
	9.2) Partition Resource Summary
	9.3) TIMING REPORT


=========================================================================
*                      Synthesis Options Summary                        *
=========================================================================
---- Source Parameters
Input File Name                    : "bigadder.prj"
Input Format                       : mixed
Ignore Synthesis Constraint File   : NO

---- Target Parameters
Output File Name                   : "bigadder"
Output Format                      : NGC
Target Device                      : xc3s500e-4-fg320

---- Source Options
Top Module Name                    : bigadder
Automatic FSM Extraction           : YES
FSM Encoding Algorithm             : Auto
Safe Implementation                : No
FSM Style                          : LUT
RAM Extraction                     : Yes
RAM Style                          : Auto
ROM Extraction                     : Yes
Mux Style                          : Auto
Decoder Extraction                 : YES
Priority Encoder Extraction        : Yes
Shift Register Extraction          : YES
Logical Shifter Extraction         : YES
XOR Collapsing                     : YES
ROM Style                          : Auto
Mux Extraction                     : Yes
Resource Sharing                   : YES
Asynchronous To Synchronous        : NO
Multiplier Style                   : Auto
Automatic Register Balancing       : No

---- Target Options
Add IO Buffers                     : YES
Global Maximum Fanout              : 500
Add Generic Clock Buffer(BUFG)     : 24
Register Duplication               : YES
Slice Packing                      : YES
Optimize Instantiated Primitives   : NO
Use Clock Enable                   : Yes
Use Synchronous Set                : Yes
Use Synchronous Reset              : Yes
Pack IO Registers into IOBs        : Auto
Equivalent register Removal        : YES

---- General Options
Optimization Goal                  : Speed
Optimization Effort                : 1
Keep Hierarchy                     : No
Netlist Hierarchy                  : As_Optimized
RTL Output                         : Yes
Global Optimization                : AllClockNets
Read Cores                         : YES
Write Timing Constraints           : NO
Cross Clock Analysis               : NO
Hierarchy Separator                : /
Bus Delimiter                      : <>
Case Specifier                     : Maintain
Slice Utilization Ratio            : 100
BRAM Utilization Ratio             : 100
Verilog 2001                       : YES
Auto BRAM Packing                  : NO
Slice Utilization Ratio Delta      : 5

=========================================================================


=========================================================================
*                          HDL Compilation                              *
=========================================================================
Compiling verilog file "halfadder.v" in library work
Compiling verilog file "add.v" in library work
Module <halfadder> compiled
Compiling verilog file "bigadder.v" in library work
Module <fulladder> compiled
Module <bigadder> compiled
No errors in compilation
Analysis of file <"bigadder.prj"> succeeded.
 

=========================================================================
*                     Design Hierarchy Analysis                         *
=========================================================================
Analyzing hierarchy for module <bigadder> in library <work>.

Analyzing hierarchy for module <halfadder> in library <work>.

Analyzing hierarchy for module <fulladder> in library <work>.


=========================================================================
*                            HDL Analysis                               *
=========================================================================
Analyzing top module <bigadder>.
Module <bigadder> is correct for synthesis.
 
Analyzing module <halfadder> in library <work>.
Module <halfadder> is correct for synthesis.
 
Analyzing module <fulladder> in library <work>.
Module <fulladder> is correct for synthesis.
 

=========================================================================
*                           HDL Synthesis                               *
=========================================================================

Performing bidirectional port resolution...

Synthesizing Unit <halfadder>.
    Related source file is "halfadder.v".
    Found 1-bit xor2 for signal <outadd>.
Unit <halfadder> synthesized.


Synthesizing Unit <fulladder>.
    Related source file is "add.v".
    Found 1-bit xor3 for signal <outadd>.
    Summary:
	inferred   1 Xor(s).
Unit <fulladder> synthesized.


Synthesizing Unit <bigadder>.
    Related source file is "bigadder.v".
    Found 1-bit register for signal <carry>.
    Found 8-bit register for signal <sum>.
    Found 8-bit register for signal <top>.
    Summary:
	inferred  17 D-type flip-flop(s).
Unit <bigadder> synthesized.


=========================================================================
HDL Synthesis Report

Macro Statistics
# Registers                                            : 3
 1-bit register                                        : 1
 8-bit register                                        : 2
# Xors                                                 : 16
 1-bit xor2                                            : 9
 1-bit xor3                                            : 7

=========================================================================

=========================================================================
*                       Advanced HDL Synthesis                          *
=========================================================================


=========================================================================
Advanced HDL Synthesis Report

Macro Statistics
# Registers                                            : 17
 Flip-Flops                                            : 17
# Xors                                                 : 16
 1-bit xor2                                            : 9
 1-bit xor3                                            : 7

=========================================================================

=========================================================================
*                         Low Level Synthesis                           *
=========================================================================

Optimizing unit <bigadder> ...

Mapping all equations...
Building and optimizing final netlist ...
Found area constraint ratio of 100 (+ 5) on block bigadder, actual ratio is 0.

Final Macro Processing ...

=========================================================================
Final Register Report

Macro Statistics
# Registers                                            : 17
 Flip-Flops                                            : 17

=========================================================================

=========================================================================
*                           Partition Report                            *
=========================================================================

Partition Implementation Status
-------------------------------

  No Partitions were found in this design.

-------------------------------

=========================================================================
*                            Final Report                               *
=========================================================================
Final Results
RTL Top Level Output File Name     : bigadder.ngr
Top Level Output File Name         : bigadder
Output Format                      : NGC
Optimization Goal                  : Speed
Keep Hierarchy                     : No

Design Statistics
# IOs                              : 43

Cell Usage :
# BELS                             : 26
#      LUT2                        : 4
#      LUT3                        : 16
#      LUT4                        : 6
# FlipFlops/Latches                : 17
#      FDC                         : 17
# Clock Buffers                    : 1
#      BUFGP                       : 1
# IO Buffers                       : 42
#      IBUF                        : 25
#      OBUF                        : 17
=========================================================================

Device utilization summary:
---------------------------

Selected Device : 3s500efg320-4 

 Number of Slices:                       15  out of   4656     0%  
 Number of Slice Flip Flops:              1  out of   9312     0%  
 Number of 4 input LUTs:                 26  out of   9312     0%  
 Number of IOs:                          43
 Number of bonded IOBs:                  43  out of    232    18%  
    IOB Flip Flops:                      16
 Number of GCLKs:                         1  out of     24     4%  

---------------------------
Partition Resource Summary:
---------------------------

  No Partitions were found in this design.

---------------------------


=========================================================================
TIMING REPORT

NOTE: THESE TIMING NUMBERS ARE ONLY A SYNTHESIS ESTIMATE.
      FOR ACCURATE TIMING INFORMATION PLEASE REFER TO THE TRACE REPORT
      GENERATED AFTER PLACE-and-ROUTE.

Clock Information:
------------------
-----------------------------------+------------------------+-------+
Clock Signal                       | Clock buffer(FF name)  | Load  |
-----------------------------------+------------------------+-------+
clock                              | BUFGP                  | 17    |
-----------------------------------+------------------------+-------+

Asynchronous Control Signals Information:
----------------------------------------
-----------------------------------+------------------------+-------+
Control Signal                     | Buffer(FF name)        | Load  |
-----------------------------------+------------------------+-------+
reset                              | IBUF                   | 17    |
-----------------------------------+------------------------+-------+

Timing Summary:
---------------
Speed Grade: -4

   Minimum period: No path found
   Minimum input arrival time before clock: 10.108ns
   Maximum output required time after clock: 8.314ns
   Maximum combinational path delay: No path found

Timing Detail:
--------------
All values displayed in nanoseconds (ns)

=========================================================================
Timing constraint: Default OFFSET IN BEFORE for Clock 'clock'
  Total number of paths / destination ports: 96 / 17
-------------------------------------------------------------------------
Offset:              10.108ns (Levels of Logic = 8)
  Source:            in1<1> (PAD)
  Destination:       sum_7 (FF)
  Destination Clock: clock rising

  Data Path: in1<1> to sum_7
                                Gate     Net
    Cell:in->out      fanout   Delay   Delay  Logical Name (Net Name)
    ----------------------------------------  ------------
     IBUF:I->O             2   1.218   0.622  in1_1_IBUF (in1_1_IBUF)
     LUT4:I0->O            2   0.704   0.482  a_fulladder/outcarry1 (c2)
     LUT3:I2->O            2   0.704   0.482  b_fulladder/outcarry1 (c3)
     LUT3:I2->O            2   0.704   0.482  c_fulladder/outcarry1 (c4)
     LUT3:I2->O            2   0.704   0.482  d_fulladder/outcarry1 (c5)
     LUT3:I2->O            2   0.704   0.482  e_fulladder/outcarry1 (c6)
     LUT3:I2->O            2   0.704   0.622  f_fulladder/outcarry1 (c7)
     LUT3:I0->O            1   0.704   0.000  g_fulladder/Mxor_outadd_xo<0>1 (sumwire<7>)
     FDC:D                     0.308          sum_7
    ----------------------------------------
    Total                     10.108ns (6.454ns logic, 3.654ns route)
                                       (63.9% logic, 36.1% route)

=========================================================================
Timing constraint: Default OFFSET OUT AFTER for Clock 'clock'
  Total number of paths / destination ports: 61 / 17
-------------------------------------------------------------------------
Offset:              8.314ns (Levels of Logic = 4)
  Source:            top_2 (FF)
  Destination:       out<16> (PAD)
  Source Clock:      clock rising

  Data Path: top_2 to out<16>
                                Gate     Net
    Cell:in->out      fanout   Delay   Delay  Logical Name (Net Name)
    ----------------------------------------  ------------
     FDC:C->Q              2   0.591   0.622  top_2 (top_2)
     LUT4:I0->O            4   0.704   0.591  d_halfadder/outcarry1 (c11)
     LUT4:I3->O            3   0.704   0.706  g_halfadder/outcarry1 (c14)
     LUT2:I0->O            1   0.704   0.420  h_halfadder/Mxor_outadd_Result1 (out_14_OBUF)
     OBUF:I->O                 3.272          out_14_OBUF (out<14>)
    ----------------------------------------
    Total                      8.314ns (5.975ns logic, 2.339ns route)
                                       (71.9% logic, 28.1% route)

=========================================================================


Total REAL time to Xst completion: 4.00 secs
Total CPU time to Xst completion: 4.24 secs
 
--> 


Total memory usage is 442820 kilobytes

Number of errors   :    0 (   0 filtered)
Number of warnings :    0 (   0 filtered)
Number of infos    :    0 (   0 filtered)

